com\example\SICARIO\Controller\ClienteAPIController.class
com\example\SICARIO\Controller\FuncionarioController.class
com\example\SICARIO\Repository\FuncionarioRepository.class
com\example\SICARIO\Model\User.class
com\example\SICARIO\Model\Cliente.class
com\example\SICARIO\Repository\ClienteRepository.class
com\example\SICARIO\Repository\UserRepository.class
com\example\SICARIO\Controller\AgendaController.class
com\example\SICARIO\Controller\FuncionarioAPIController.class
com\example\SICARIO\Service\FuncionarioService.class
com\example\SICARIO\Model\Dados.class
com\example\SICARIO\Controller\UserController.class
com\example\SICARIO\Service\AgendamentosService.class
com\example\SICARIO\Controller\AgendaAPIController.class
com\example\SICARIO\Model\Funcionario.class
com\example\SICARIO\Model\Agendamentos.class
com\example\SICARIO\Repository\AgendamentosRepository.class
com\example\SICARIO\Service\UserService.class
com\example\SICARIO\Controller\ClienteController.class
com\example\SICARIO\SicarioApplication.class
com\example\SICARIO\Service\ClienteService.class
