C:\Users\David\OneDrive\Área de Trabalho\SICARIO\src\main\java\com\example\SICARIO\Controller\AgendaAPIController.java
C:\Users\David\OneDrive\Área de Trabalho\SICARIO\src\main\java\com\example\SICARIO\Controller\AgendaController.java
C:\Users\David\OneDrive\Área de Trabalho\SICARIO\src\main\java\com\example\SICARIO\Controller\ClienteAPIController.java
C:\Users\David\OneDrive\Área de Trabalho\SICARIO\src\main\java\com\example\SICARIO\Controller\ClienteController.java
C:\Users\David\OneDrive\Área de Trabalho\SICARIO\src\main\java\com\example\SICARIO\Controller\FuncionarioAPIController.java
C:\Users\David\OneDrive\Área de Trabalho\SICARIO\src\main\java\com\example\SICARIO\Controller\FuncionarioController.java
C:\Users\David\OneDrive\Área de Trabalho\SICARIO\src\main\java\com\example\SICARIO\Controller\UserController.java
C:\Users\David\OneDrive\Área de Trabalho\SICARIO\src\main\java\com\example\SICARIO\Model\Agendamentos.java
C:\Users\David\OneDrive\Área de Trabalho\SICARIO\src\main\java\com\example\SICARIO\Model\Cliente.java
C:\Users\David\OneDrive\Área de Trabalho\SICARIO\src\main\java\com\example\SICARIO\Model\Dados.java
C:\Users\David\OneDrive\Área de Trabalho\SICARIO\src\main\java\com\example\SICARIO\Model\Funcionario.java
C:\Users\David\OneDrive\Área de Trabalho\SICARIO\src\main\java\com\example\SICARIO\Model\User.java
C:\Users\David\OneDrive\Área de Trabalho\SICARIO\src\main\java\com\example\SICARIO\Repository\AgendamentosRepository.java
C:\Users\David\OneDrive\Área de Trabalho\SICARIO\src\main\java\com\example\SICARIO\Repository\ClienteRepository.java
C:\Users\David\OneDrive\Área de Trabalho\SICARIO\src\main\java\com\example\SICARIO\Repository\FuncionarioRepository.java
C:\Users\David\OneDrive\Área de Trabalho\SICARIO\src\main\java\com\example\SICARIO\Repository\UserRepository.java
C:\Users\David\OneDrive\Área de Trabalho\SICARIO\src\main\java\com\example\SICARIO\Service\AgendamentosService.java
C:\Users\David\OneDrive\Área de Trabalho\SICARIO\src\main\java\com\example\SICARIO\Service\ClienteService.java
C:\Users\David\OneDrive\Área de Trabalho\SICARIO\src\main\java\com\example\SICARIO\Service\FuncionarioService.java
C:\Users\David\OneDrive\Área de Trabalho\SICARIO\src\main\java\com\example\SICARIO\Service\UserService.java
C:\Users\David\OneDrive\Área de Trabalho\SICARIO\src\main\java\com\example\SICARIO\SicarioApplication.java
